// Jest Snapshot v1, https://goo.gl/fbAQLP

exports[`图表组件测试 bar组件 -- 渲染 1`] = `
<ForwardRef
  data={Array []}
  xField="x"
  yField="y"
/>
`;

exports[`图表组件测试 文本组件 -- 渲染 1`] = `
<div>
  文本测试
</div>
`;
